Found existing dataset: /home/users/rszymanski/Traffic_Forecast/data/dataset.npz
X_train shape: (1261, 36, 48)
Y_train shape: (1261, 36)
FINAL TRAINING MODE: full dataset, no early stopping.
Total parameters: 42209
epoch 001 FINAL | train=0.2571
epoch 002 FINAL | train=0.1281
epoch 003 FINAL | train=0.0859
epoch 004 FINAL | train=0.0582
epoch 005 FINAL | train=0.0462
epoch 006 FINAL | train=0.0407
epoch 007 FINAL | train=0.0379
epoch 008 FINAL | train=0.0332
epoch 009 FINAL | train=0.0322
epoch 010 FINAL | train=0.0316
epoch 011 FINAL | train=0.0290
epoch 012 FINAL | train=0.0290
epoch 013 FINAL | train=0.0271
epoch 014 FINAL | train=0.0267
epoch 015 FINAL | train=0.0263
epoch 016 FINAL | train=0.0267
epoch 017 FINAL | train=0.0275
epoch 018 FINAL | train=0.0242
epoch 019 FINAL | train=0.0243
epoch 020 FINAL | train=0.0236
epoch 021 FINAL | train=0.0241
epoch 022 FINAL | train=0.0231
epoch 023 FINAL | train=0.0228
epoch 024 FINAL | train=0.0225
epoch 025 FINAL | train=0.0231
epoch 026 FINAL | train=0.0225
epoch 027 FINAL | train=0.0215
epoch 028 FINAL | train=0.0224
epoch 029 FINAL | train=0.0220
epoch 030 FINAL | train=0.0208
epoch 031 FINAL | train=0.0215
epoch 032 FINAL | train=0.0207
epoch 033 FINAL | train=0.0213
epoch 034 FINAL | train=0.0204
epoch 035 FINAL | train=0.0204
epoch 036 FINAL | train=0.0212
epoch 037 FINAL | train=0.0198
epoch 038 FINAL | train=0.0199
epoch 039 FINAL | train=0.0196
epoch 040 FINAL | train=0.0201
epoch 041 FINAL | train=0.0200
epoch 042 FINAL | train=0.0200
epoch 043 FINAL | train=0.0194
epoch 044 FINAL | train=0.0197
epoch 045 FINAL | train=0.0188
epoch 046 FINAL | train=0.0193
epoch 047 FINAL | train=0.0190
epoch 048 FINAL | train=0.0189
epoch 049 FINAL | train=0.0198
epoch 050 FINAL | train=0.0189
epoch 051 FINAL | train=0.0187
epoch 052 FINAL | train=0.0184
epoch 053 FINAL | train=0.0181
epoch 054 FINAL | train=0.0183
epoch 055 FINAL | train=0.0185
epoch 056 FINAL | train=0.0181
epoch 057 FINAL | train=0.0188
epoch 058 FINAL | train=0.0184
epoch 059 FINAL | train=0.0180
epoch 060 FINAL | train=0.0182
epoch 061 FINAL | train=0.0179
epoch 062 FINAL | train=0.0191
epoch 063 FINAL | train=0.0185
epoch 064 FINAL | train=0.0183
epoch 065 FINAL | train=0.0178
epoch 066 FINAL | train=0.0178
epoch 067 FINAL | train=0.0174
epoch 068 FINAL | train=0.0174
epoch 069 FINAL | train=0.0174
epoch 070 FINAL | train=0.0175
epoch 071 FINAL | train=0.0180
epoch 072 FINAL | train=0.0172
epoch 073 FINAL | train=0.0174
epoch 074 FINAL | train=0.0171
epoch 075 FINAL | train=0.0169
epoch 076 FINAL | train=0.0169
epoch 077 FINAL | train=0.0171
epoch 078 FINAL | train=0.0170
epoch 079 FINAL | train=0.0169
epoch 080 FINAL | train=0.0166
epoch 081 FINAL | train=0.0167
epoch 082 FINAL | train=0.0164
epoch 083 FINAL | train=0.0166
epoch 084 FINAL | train=0.0173
epoch 085 FINAL | train=0.0164
epoch 086 FINAL | train=0.0165
epoch 087 FINAL | train=0.0168
epoch 088 FINAL | train=0.0165
epoch 089 FINAL | train=0.0167
epoch 090 FINAL | train=0.0175
epoch 091 FINAL | train=0.0177
epoch 092 FINAL | train=0.0162
epoch 093 FINAL | train=0.0164
epoch 094 FINAL | train=0.0163
epoch 095 FINAL | train=0.0163
epoch 096 FINAL | train=0.0164
epoch 097 FINAL | train=0.0166
epoch 098 FINAL | train=0.0163
epoch 099 FINAL | train=0.0168
epoch 100 FINAL | train=0.0160
epoch 101 FINAL | train=0.0158
epoch 102 FINAL | train=0.0160
epoch 103 FINAL | train=0.0160
epoch 104 FINAL | train=0.0157
epoch 105 FINAL | train=0.0158
epoch 106 FINAL | train=0.0159
epoch 107 FINAL | train=0.0157
epoch 108 FINAL | train=0.0160
epoch 109 FINAL | train=0.0168
epoch 110 FINAL | train=0.0156
epoch 111 FINAL | train=0.0156
epoch 112 FINAL | train=0.0157
epoch 113 FINAL | train=0.0158
epoch 114 FINAL | train=0.0154
epoch 115 FINAL | train=0.0158
epoch 116 FINAL | train=0.0157
epoch 117 FINAL | train=0.0157
epoch 118 FINAL | train=0.0154
epoch 119 FINAL | train=0.0159
epoch 120 FINAL | train=0.0154
epoch 121 FINAL | train=0.0156
epoch 122 FINAL | train=0.0153
epoch 123 FINAL | train=0.0156
epoch 124 FINAL | train=0.0157
epoch 125 FINAL | train=0.0155
epoch 126 FINAL | train=0.0151
epoch 127 FINAL | train=0.0154
epoch 128 FINAL | train=0.0157
epoch 129 FINAL | train=0.0154
epoch 130 FINAL | train=0.0152
epoch 131 FINAL | train=0.0150
epoch 132 FINAL | train=0.0154
epoch 133 FINAL | train=0.0153
epoch 134 FINAL | train=0.0154
epoch 135 FINAL | train=0.0150
epoch 136 FINAL | train=0.0150
epoch 137 FINAL | train=0.0154
epoch 138 FINAL | train=0.0150
epoch 139 FINAL | train=0.0156
epoch 140 FINAL | train=0.0153
epoch 141 FINAL | train=0.0153
epoch 142 FINAL | train=0.0150
epoch 143 FINAL | train=0.0150
epoch 144 FINAL | train=0.0150
epoch 145 FINAL | train=0.0152
epoch 146 FINAL | train=0.0148
epoch 147 FINAL | train=0.0151
epoch 148 FINAL | train=0.0150
epoch 149 FINAL | train=0.0148
epoch 150 FINAL | train=0.0149
epoch 151 FINAL | train=0.0150
epoch 152 FINAL | train=0.0148
epoch 153 FINAL | train=0.0148
epoch 154 FINAL | train=0.0149
epoch 155 FINAL | train=0.0146
epoch 156 FINAL | train=0.0152
epoch 157 FINAL | train=0.0147
epoch 158 FINAL | train=0.0143
epoch 159 FINAL | train=0.0145
epoch 160 FINAL | train=0.0147
Saved model to /home/users/rszymanski/Traffic_Forecast/runs/final_gcngru.pth  (best RMSE=inf)
Finished run: final_gcngru
Saved model: /home/users/rszymanski/Traffic_Forecast/runs/final_gcngru.pth
